INFO  18:13:09,382 - [0;36m|-----------------------------------------------------------------|[m
INFO  18:13:09,382 - [0;36m|                         LEKSICKA OBRADA                         |[m
INFO  18:13:09,383 - [0;36m|-----------------------------------------------------------------|[m
INFO  18:13:09,383 - Compiling source file: C:\Users\stefa\OneDrive\Desktop\ETF\PP1 projekat\MyCode\workspace\MJCompiler\test\testovi\test23.mj
INFO  18:13:09,437 - #7 program	3
INFO  18:13:09,438 - #2 test301	3
INFO  18:13:09,438 - #20 {	5
INFO  18:13:09,439 - #2 int	6
INFO  18:13:09,439 - #2 main	6
INFO  18:13:09,439 - #24 (	6
INFO  18:13:09,440 - #25 )	6
INFO  18:13:09,441 - #2 int	7
INFO  18:13:09,441 - #2 a	7
INFO  18:13:09,441 - #27 ;	7
INFO  18:13:09,442 - #2 char	8
INFO  18:13:09,442 - #2 c	8
INFO  18:13:09,442 - #27 ;	8
INFO  18:13:09,442 - #2 int	9
INFO  18:13:09,442 - #2 b	9
INFO  18:13:09,443 - #22 [	9
INFO  18:13:09,443 - #23 ]	9
INFO  18:13:09,443 - #27 ;	9
INFO  18:13:09,443 - #20 {	10
INFO  18:13:09,443 - #2 a	11
INFO  18:13:09,444 - #19 =	11
INFO  18:13:09,444 - #3 2	11
INFO  18:13:09,444 - #27 ;	11
INFO  18:13:09,445 - #2 c	12
INFO  18:13:09,445 - #19 =	12
INFO  18:13:09,445 - #4 c	12
INFO  18:13:09,445 - #27 ;	12
INFO  18:13:09,445 - #2 b	13
INFO  18:13:09,446 - #19 =	13
INFO  18:13:09,446 - #37 new	13
INFO  18:13:09,446 - #2 int	13
INFO  18:13:09,446 - #22 [	13
INFO  18:13:09,446 - #3 3	13
INFO  18:13:09,446 - #23 ]	13
INFO  18:13:09,446 - #27 ;	13
INFO  18:13:09,446 - #2 b	14
INFO  18:13:09,447 - #22 [	14
INFO  18:13:09,447 - #3 0	14
INFO  18:13:09,447 - #23 ]	14
INFO  18:13:09,447 - #19 =	14
INFO  18:13:09,447 - #3 1	14
INFO  18:13:09,447 - #27 ;	14
INFO  18:13:09,447 - #35 return	16
INFO  18:13:09,448 - #2 b	16
INFO  18:13:09,448 - #22 [	16
INFO  18:13:09,448 - #3 0	16
INFO  18:13:09,448 - #23 ]	16
INFO  18:13:09,448 - #27 ;	16
INFO  18:13:09,448 - #21 }	17
INFO  18:13:09,448 - #21 }	18
INFO  18:13:09,452 - [0;36m|-------------------------------------------------------------------|[m
INFO  18:13:09,452 - [0;36m|                         APSTRAKTNO STABLO                         |[m
INFO  18:13:09,452 - [0;36m|-------------------------------------------------------------------|[m
INFO  18:13:09,453 - Program(
  ProgramName(
   test301
  ) [ProgramName]
  NoDecls(
  ) [NoDecls]
  SingleMethod(
    OneMethodDeclaration(
      MethodTypeName(
        TypedReturn(
          Type(
           int
          ) [Type]
        ) [TypedReturn]
       main
      ) [MethodTypeName]
      EmptyFormPars(
      ) [EmptyFormPars]
      HasMethodVariables(
        HasMethodVariables(
          HasMethodVariables(
            NoVariables(
            ) [NoVariables]
            VariableDecls(
              Type(
               int
              ) [Type]
              SingleVariable(
                NonArrayVariable(
                 a
                ) [NonArrayVariable]
              ) [SingleVariable]
            ) [VariableDecls]
          ) [HasMethodVariables]
          VariableDecls(
            Type(
             char
            ) [Type]
            SingleVariable(
              NonArrayVariable(
               c
              ) [NonArrayVariable]
            ) [SingleVariable]
          ) [VariableDecls]
        ) [HasMethodVariables]
        VariableDecls(
          Type(
           int
          ) [Type]
          SingleVariable(
            ArrayVariable(
             b
            ) [ArrayVariable]
          ) [SingleVariable]
        ) [VariableDecls]
      ) [HasMethodVariables]
      NonEmptyMethodStatements(
        NonEmptyMethodStatements(
          NonEmptyMethodStatements(
            NonEmptyMethodStatements(
              NonEmptyMethodStatements(
                EmptyMethodStatements(
                ) [EmptyMethodStatements]
                StatementDesignatorStatement(
                  ErrorProneAssignmentDesignator(
                    AssignDesignator(
                      CleanDesignator(
                       a
                      ) [CleanDesignator]
                      AssignOp(
                      ) [AssignOp]
                      ExprNoTernStatement(
                        AddOperationTerm(
                          OneTerm(
                            NonMullOpTerm(
                              NumericConstant(
                               2
                              ) [NumericConstant]
                            ) [NonMullOpTerm]
                          ) [OneTerm]
                        ) [AddOperationTerm]
                      ) [ExprNoTernStatement]
                    ) [AssignDesignator]
                  ) [ErrorProneAssignmentDesignator]
                ) [StatementDesignatorStatement]
              ) [NonEmptyMethodStatements]
              StatementDesignatorStatement(
                ErrorProneAssignmentDesignator(
                  AssignDesignator(
                    CleanDesignator(
                     c
                    ) [CleanDesignator]
                    AssignOp(
                    ) [AssignOp]
                    ExprNoTernStatement(
                      AddOperationTerm(
                        OneTerm(
                          NonMullOpTerm(
                            CharacterConstant(
                             c
                            ) [CharacterConstant]
                          ) [NonMullOpTerm]
                        ) [OneTerm]
                      ) [AddOperationTerm]
                    ) [ExprNoTernStatement]
                  ) [AssignDesignator]
                ) [ErrorProneAssignmentDesignator]
              ) [StatementDesignatorStatement]
            ) [NonEmptyMethodStatements]
            StatementDesignatorStatement(
              ErrorProneAssignmentDesignator(
                AssignDesignator(
                  CleanDesignator(
                   b
                  ) [CleanDesignator]
                  AssignOp(
                  ) [AssignOp]
                  ExprNoTernStatement(
                    AddOperationTerm(
                      OneTerm(
                        NonMullOpTerm(
                          NewTypeArray(
                            Type(
                             int
                            ) [Type]
                            ExprNoTernStatement(
                              AddOperationTerm(
                                OneTerm(
                                  NonMullOpTerm(
                                    NumericConstant(
                                     3
                                    ) [NumericConstant]
                                  ) [NonMullOpTerm]
                                ) [OneTerm]
                              ) [AddOperationTerm]
                            ) [ExprNoTernStatement]
                          ) [NewTypeArray]
                        ) [NonMullOpTerm]
                      ) [OneTerm]
                    ) [AddOperationTerm]
                  ) [ExprNoTernStatement]
                ) [AssignDesignator]
              ) [ErrorProneAssignmentDesignator]
            ) [StatementDesignatorStatement]
          ) [NonEmptyMethodStatements]
          StatementDesignatorStatement(
            ErrorProneAssignmentDesignator(
              AssignDesignator(
                ArrayElementAccessDesignator(
                  DesignatorListOneElement(
                   b
                  ) [DesignatorListOneElement]
                  ExprNoTernStatement(
                    AddOperationTerm(
                      OneTerm(
                        NonMullOpTerm(
                          NumericConstant(
                           0
                          ) [NumericConstant]
                        ) [NonMullOpTerm]
                      ) [OneTerm]
                    ) [AddOperationTerm]
                  ) [ExprNoTernStatement]
                ) [ArrayElementAccessDesignator]
                AssignOp(
                ) [AssignOp]
                ExprNoTernStatement(
                  AddOperationTerm(
                    OneTerm(
                      NonMullOpTerm(
                        NumericConstant(
                         1
                        ) [NumericConstant]
                      ) [NonMullOpTerm]
                    ) [OneTerm]
                  ) [AddOperationTerm]
                ) [ExprNoTernStatement]
              ) [AssignDesignator]
            ) [ErrorProneAssignmentDesignator]
          ) [StatementDesignatorStatement]
        ) [NonEmptyMethodStatements]
        ReturnStmt(
          NonEmptyReturn(
            ExprNoTernStatement(
              AddOperationTerm(
                OneTerm(
                  NonMullOpTerm(
                    NoParamsDesignator(
                      ArrayElementAccessDesignator(
                        DesignatorListOneElement(
                         b
                        ) [DesignatorListOneElement]
                        ExprNoTernStatement(
                          AddOperationTerm(
                            OneTerm(
                              NonMullOpTerm(
                                NumericConstant(
                                 0
                                ) [NumericConstant]
                              ) [NonMullOpTerm]
                            ) [OneTerm]
                          ) [AddOperationTerm]
                        ) [ExprNoTernStatement]
                      ) [ArrayElementAccessDesignator]
                    ) [NoParamsDesignator]
                  ) [NonMullOpTerm]
                ) [OneTerm]
              ) [AddOperationTerm]
            ) [ExprNoTernStatement]
          ) [NonEmptyReturn]
        ) [ReturnStmt]
      ) [NonEmptyMethodStatements]
    ) [OneMethodDeclaration]
  ) [SingleMethod]
) [Program]
INFO  18:13:09,459 - [0;36m|-------------------------------------------------------------------|[m
INFO  18:13:09,459 - [0;36m|                         SEMANTICKA OBRADA                         |[m
INFO  18:13:09,459 - [0;36m|-------------------------------------------------------------------|[m
INFO  18:13:09,461 - [0;32mMain metoda je definisana! [Line: 6][m
INFO  18:13:09,462 - Pretraga na [Line: 11] --> detektovano Variable a: int, 0, 1 .
INFO  18:13:09,462 - Pretraga na [Line: 12] --> detektovano Variable c: char, 1, 1 .
INFO  18:13:09,462 - Pretraga na [Line: 13] --> detektovano Variable b: Array of int, 2, 1 .
INFO  18:13:09,462 - [0;36m|-------------------------------------------------------------------|[m
INFO  18:13:09,462 - [0;36m|                STATISTIKA KORISCENJA PROMENLJIVIH                 |[m
INFO  18:13:09,462 - [0;36m|-------------------------------------------------------------------|[m
INFO  18:13:09,463 - 
Broj definisanih klasa: ..................................................................[35m0[0m
Broj definisanih metoda: .................................................................[35m1[0m
Broj globalnih nizova: ...................................................................[35m0[0m
Broj globalnih promenljivih: .............................................................[35m0[0m
Broj globalnih konstanti: ................................................................[35m0[0m
Broj lokalnih promenljivih u [main()]: ...................................................[35m3[0m
Broj izraza u [main()]: ..................................................................[35m5[0m
Broj poziva metoda u [main()]: ...........................................................[35m0[0m

INFO  18:13:09,463 - [0;36m============================= SADRZAJ TABELE SIMBOLA =============================[m
INFO  18:13:09,463 - [0;32mUspesno izvrsena semanticka analiza! Nastavlja se sa generisanjem koda[m
INFO  18:13:09,463 - [0;36m|-------------------------------------------------------------------|[m
INFO  18:13:09,463 - [0;36m|                          GENERISANJE KODA                         |[m
INFO  18:13:09,464 - [0;36m|-------------------------------------------------------------------|[m
INFO  18:13:09,468 - [0;32mKompajliranje uspesno izvrseno![m
INFO  18:13:09,468 - [0;36m|-------------------------------------------------------------------|[m
INFO  18:13:09,468 - [0;36m|                              KRAJ RADA                            |[m
INFO  18:13:09,468 - [0;36m|-------------------------------------------------------------------|[m
