INFO  18:13:10,457 - [0;36m|-----------------------------------------------------------------|[m
INFO  18:13:10,458 - [0;36m|                         LEKSICKA OBRADA                         |[m
INFO  18:13:10,458 - [0;36m|-----------------------------------------------------------------|[m
INFO  18:13:10,458 - Compiling source file: C:\Users\stefa\OneDrive\Desktop\ETF\PP1 projekat\MyCode\workspace\MJCompiler\test\testovi\test26.mj
INFO  18:13:10,512 - #7 program	3
INFO  18:13:10,513 - #2 test11	3
INFO  18:13:10,513 - #20 {	7
INFO  18:13:10,514 - #30 void	8
INFO  18:13:10,514 - #2 main	8
INFO  18:13:10,514 - #24 (	8
INFO  18:13:10,515 - #25 )	8
INFO  18:13:10,516 - #2 int	10
INFO  18:13:10,516 - #2 a_array	10
INFO  18:13:10,517 - #22 [	10
INFO  18:13:10,517 - #23 ]	10
INFO  18:13:10,517 - #27 ;	10
INFO  18:13:10,517 - #20 {	13
INFO  18:13:10,518 - #2 a_array	15
INFO  18:13:10,518 - #19 =	15
INFO  18:13:10,518 - #37 new	15
INFO  18:13:10,519 - #2 int	15
INFO  18:13:10,519 - #22 [	15
INFO  18:13:10,519 - #3 3	15
INFO  18:13:10,519 - #23 ]	15
INFO  18:13:10,520 - #27 ;	15
INFO  18:13:10,520 - #2 a_array	16
INFO  18:13:10,520 - #22 [	16
INFO  18:13:10,520 - #3 0	16
INFO  18:13:10,521 - #23 ]	16
INFO  18:13:10,521 - #19 =	16
INFO  18:13:10,521 - #3 1	16
INFO  18:13:10,521 - #27 ;	16
INFO  18:13:10,521 - #2 a_array	17
INFO  18:13:10,521 - #22 [	17
INFO  18:13:10,521 - #3 1	17
INFO  18:13:10,521 - #23 ]	17
INFO  18:13:10,522 - #19 =	17
INFO  18:13:10,522 - #3 1	17
INFO  18:13:10,522 - #27 ;	17
INFO  18:13:10,522 - #2 a_array	18
INFO  18:13:10,522 - #22 [	18
INFO  18:13:10,522 - #3 2	18
INFO  18:13:10,522 - #23 ]	18
INFO  18:13:10,523 - #19 =	18
INFO  18:13:10,523 - #3 1	18
INFO  18:13:10,523 - #27 ;	18
INFO  18:13:10,523 - #2 a_array	19
INFO  18:13:10,523 - #22 [	19
INFO  18:13:10,523 - #3 1	19
INFO  18:13:10,523 - #23 ]	19
INFO  18:13:10,523 - #40 ++	19
INFO  18:13:10,524 - #27 ;	19
INFO  18:13:10,526 - #2 a_array	20
INFO  18:13:10,526 - #22 [	20
INFO  18:13:10,526 - #3 1	20
INFO  18:13:10,526 - #23 ]	20
INFO  18:13:10,526 - #40 ++	20
INFO  18:13:10,526 - #27 ;	20
INFO  18:13:10,527 - #42 print	22
INFO  18:13:10,527 - #24 (	22
INFO  18:13:10,527 - #2 a_array	22
INFO  18:13:10,527 - #22 [	22
INFO  18:13:10,527 - #3 1	22
INFO  18:13:10,527 - #23 ]	22
INFO  18:13:10,527 - #25 )	22
INFO  18:13:10,528 - #27 ;	22
INFO  18:13:10,528 - #2 a_array	24
INFO  18:13:10,528 - #22 [	24
INFO  18:13:10,528 - #3 1	24
INFO  18:13:10,528 - #23 ]	24
INFO  18:13:10,528 - #41 --	24
INFO  18:13:10,528 - #27 ;	24
INFO  18:13:10,528 - #2 a_array	25
INFO  18:13:10,528 - #22 [	25
INFO  18:13:10,528 - #3 1	25
INFO  18:13:10,529 - #23 ]	25
INFO  18:13:10,529 - #41 --	25
INFO  18:13:10,529 - #27 ;	25
INFO  18:13:10,529 - #42 print	27
INFO  18:13:10,529 - #24 (	27
INFO  18:13:10,529 - #2 a_array	27
INFO  18:13:10,529 - #22 [	27
INFO  18:13:10,529 - #3 1	27
INFO  18:13:10,529 - #23 ]	27
INFO  18:13:10,529 - #25 )	27
INFO  18:13:10,529 - #27 ;	27
INFO  18:13:10,530 - #21 }	33
INFO  18:13:10,530 - #21 }	34
INFO  18:13:10,533 - [0;36m|-------------------------------------------------------------------|[m
INFO  18:13:10,533 - [0;36m|                         APSTRAKTNO STABLO                         |[m
INFO  18:13:10,534 - [0;36m|-------------------------------------------------------------------|[m
INFO  18:13:10,534 - Program(
  ProgramName(
   test11
  ) [ProgramName]
  NoDecls(
  ) [NoDecls]
  SingleMethod(
    OneMethodDeclaration(
      MethodTypeName(
        VoidReturn(
        ) [VoidReturn]
       main
      ) [MethodTypeName]
      EmptyFormPars(
      ) [EmptyFormPars]
      HasMethodVariables(
        NoVariables(
        ) [NoVariables]
        VariableDecls(
          Type(
           int
          ) [Type]
          SingleVariable(
            ArrayVariable(
             a_array
            ) [ArrayVariable]
          ) [SingleVariable]
        ) [VariableDecls]
      ) [HasMethodVariables]
      NonEmptyMethodStatements(
        NonEmptyMethodStatements(
          NonEmptyMethodStatements(
            NonEmptyMethodStatements(
              NonEmptyMethodStatements(
                NonEmptyMethodStatements(
                  NonEmptyMethodStatements(
                    NonEmptyMethodStatements(
                      NonEmptyMethodStatements(
                        NonEmptyMethodStatements(
                          EmptyMethodStatements(
                          ) [EmptyMethodStatements]
                          StatementDesignatorStatement(
                            ErrorProneAssignmentDesignator(
                              AssignDesignator(
                                CleanDesignator(
                                 a_array
                                ) [CleanDesignator]
                                AssignOp(
                                ) [AssignOp]
                                ExprNoTernStatement(
                                  AddOperationTerm(
                                    OneTerm(
                                      NonMullOpTerm(
                                        NewTypeArray(
                                          Type(
                                           int
                                          ) [Type]
                                          ExprNoTernStatement(
                                            AddOperationTerm(
                                              OneTerm(
                                                NonMullOpTerm(
                                                  NumericConstant(
                                                   3
                                                  ) [NumericConstant]
                                                ) [NonMullOpTerm]
                                              ) [OneTerm]
                                            ) [AddOperationTerm]
                                          ) [ExprNoTernStatement]
                                        ) [NewTypeArray]
                                      ) [NonMullOpTerm]
                                    ) [OneTerm]
                                  ) [AddOperationTerm]
                                ) [ExprNoTernStatement]
                              ) [AssignDesignator]
                            ) [ErrorProneAssignmentDesignator]
                          ) [StatementDesignatorStatement]
                        ) [NonEmptyMethodStatements]
                        StatementDesignatorStatement(
                          ErrorProneAssignmentDesignator(
                            AssignDesignator(
                              ArrayElementAccessDesignator(
                                DesignatorListOneElement(
                                 a_array
                                ) [DesignatorListOneElement]
                                ExprNoTernStatement(
                                  AddOperationTerm(
                                    OneTerm(
                                      NonMullOpTerm(
                                        NumericConstant(
                                         0
                                        ) [NumericConstant]
                                      ) [NonMullOpTerm]
                                    ) [OneTerm]
                                  ) [AddOperationTerm]
                                ) [ExprNoTernStatement]
                              ) [ArrayElementAccessDesignator]
                              AssignOp(
                              ) [AssignOp]
                              ExprNoTernStatement(
                                AddOperationTerm(
                                  OneTerm(
                                    NonMullOpTerm(
                                      NumericConstant(
                                       1
                                      ) [NumericConstant]
                                    ) [NonMullOpTerm]
                                  ) [OneTerm]
                                ) [AddOperationTerm]
                              ) [ExprNoTernStatement]
                            ) [AssignDesignator]
                          ) [ErrorProneAssignmentDesignator]
                        ) [StatementDesignatorStatement]
                      ) [NonEmptyMethodStatements]
                      StatementDesignatorStatement(
                        ErrorProneAssignmentDesignator(
                          AssignDesignator(
                            ArrayElementAccessDesignator(
                              DesignatorListOneElement(
                               a_array
                              ) [DesignatorListOneElement]
                              ExprNoTernStatement(
                                AddOperationTerm(
                                  OneTerm(
                                    NonMullOpTerm(
                                      NumericConstant(
                                       1
                                      ) [NumericConstant]
                                    ) [NonMullOpTerm]
                                  ) [OneTerm]
                                ) [AddOperationTerm]
                              ) [ExprNoTernStatement]
                            ) [ArrayElementAccessDesignator]
                            AssignOp(
                            ) [AssignOp]
                            ExprNoTernStatement(
                              AddOperationTerm(
                                OneTerm(
                                  NonMullOpTerm(
                                    NumericConstant(
                                     1
                                    ) [NumericConstant]
                                  ) [NonMullOpTerm]
                                ) [OneTerm]
                              ) [AddOperationTerm]
                            ) [ExprNoTernStatement]
                          ) [AssignDesignator]
                        ) [ErrorProneAssignmentDesignator]
                      ) [StatementDesignatorStatement]
                    ) [NonEmptyMethodStatements]
                    StatementDesignatorStatement(
                      ErrorProneAssignmentDesignator(
                        AssignDesignator(
                          ArrayElementAccessDesignator(
                            DesignatorListOneElement(
                             a_array
                            ) [DesignatorListOneElement]
                            ExprNoTernStatement(
                              AddOperationTerm(
                                OneTerm(
                                  NonMullOpTerm(
                                    NumericConstant(
                                     2
                                    ) [NumericConstant]
                                  ) [NonMullOpTerm]
                                ) [OneTerm]
                              ) [AddOperationTerm]
                            ) [ExprNoTernStatement]
                          ) [ArrayElementAccessDesignator]
                          AssignOp(
                          ) [AssignOp]
                          ExprNoTernStatement(
                            AddOperationTerm(
                              OneTerm(
                                NonMullOpTerm(
                                  NumericConstant(
                                   1
                                  ) [NumericConstant]
                                ) [NonMullOpTerm]
                              ) [OneTerm]
                            ) [AddOperationTerm]
                          ) [ExprNoTernStatement]
                        ) [AssignDesignator]
                      ) [ErrorProneAssignmentDesignator]
                    ) [StatementDesignatorStatement]
                  ) [NonEmptyMethodStatements]
                  StatementDesignatorStatement(
                    IncrementDesignator(
                      ArrayElementAccessDesignator(
                        DesignatorListOneElement(
                         a_array
                        ) [DesignatorListOneElement]
                        ExprNoTernStatement(
                          AddOperationTerm(
                            OneTerm(
                              NonMullOpTerm(
                                NumericConstant(
                                 1
                                ) [NumericConstant]
                              ) [NonMullOpTerm]
                            ) [OneTerm]
                          ) [AddOperationTerm]
                        ) [ExprNoTernStatement]
                      ) [ArrayElementAccessDesignator]
                    ) [IncrementDesignator]
                  ) [StatementDesignatorStatement]
                ) [NonEmptyMethodStatements]
                StatementDesignatorStatement(
                  IncrementDesignator(
                    ArrayElementAccessDesignator(
                      DesignatorListOneElement(
                       a_array
                      ) [DesignatorListOneElement]
                      ExprNoTernStatement(
                        AddOperationTerm(
                          OneTerm(
                            NonMullOpTerm(
                              NumericConstant(
                               1
                              ) [NumericConstant]
                            ) [NonMullOpTerm]
                          ) [OneTerm]
                        ) [AddOperationTerm]
                      ) [ExprNoTernStatement]
                    ) [ArrayElementAccessDesignator]
                  ) [IncrementDesignator]
                ) [StatementDesignatorStatement]
              ) [NonEmptyMethodStatements]
              PrintStmt(
                NoNumConst(
                  ExprNoTernStatement(
                    AddOperationTerm(
                      OneTerm(
                        NonMullOpTerm(
                          NoParamsDesignator(
                            ArrayElementAccessDesignator(
                              DesignatorListOneElement(
                               a_array
                              ) [DesignatorListOneElement]
                              ExprNoTernStatement(
                                AddOperationTerm(
                                  OneTerm(
                                    NonMullOpTerm(
                                      NumericConstant(
                                       1
                                      ) [NumericConstant]
                                    ) [NonMullOpTerm]
                                  ) [OneTerm]
                                ) [AddOperationTerm]
                              ) [ExprNoTernStatement]
                            ) [ArrayElementAccessDesignator]
                          ) [NoParamsDesignator]
                        ) [NonMullOpTerm]
                      ) [OneTerm]
                    ) [AddOperationTerm]
                  ) [ExprNoTernStatement]
                ) [NoNumConst]
              ) [PrintStmt]
            ) [NonEmptyMethodStatements]
            StatementDesignatorStatement(
              DecrementDesignator(
                ArrayElementAccessDesignator(
                  DesignatorListOneElement(
                   a_array
                  ) [DesignatorListOneElement]
                  ExprNoTernStatement(
                    AddOperationTerm(
                      OneTerm(
                        NonMullOpTerm(
                          NumericConstant(
                           1
                          ) [NumericConstant]
                        ) [NonMullOpTerm]
                      ) [OneTerm]
                    ) [AddOperationTerm]
                  ) [ExprNoTernStatement]
                ) [ArrayElementAccessDesignator]
              ) [DecrementDesignator]
            ) [StatementDesignatorStatement]
          ) [NonEmptyMethodStatements]
          StatementDesignatorStatement(
            DecrementDesignator(
              ArrayElementAccessDesignator(
                DesignatorListOneElement(
                 a_array
                ) [DesignatorListOneElement]
                ExprNoTernStatement(
                  AddOperationTerm(
                    OneTerm(
                      NonMullOpTerm(
                        NumericConstant(
                         1
                        ) [NumericConstant]
                      ) [NonMullOpTerm]
                    ) [OneTerm]
                  ) [AddOperationTerm]
                ) [ExprNoTernStatement]
              ) [ArrayElementAccessDesignator]
            ) [DecrementDesignator]
          ) [StatementDesignatorStatement]
        ) [NonEmptyMethodStatements]
        PrintStmt(
          NoNumConst(
            ExprNoTernStatement(
              AddOperationTerm(
                OneTerm(
                  NonMullOpTerm(
                    NoParamsDesignator(
                      ArrayElementAccessDesignator(
                        DesignatorListOneElement(
                         a_array
                        ) [DesignatorListOneElement]
                        ExprNoTernStatement(
                          AddOperationTerm(
                            OneTerm(
                              NonMullOpTerm(
                                NumericConstant(
                                 1
                                ) [NumericConstant]
                              ) [NonMullOpTerm]
                            ) [OneTerm]
                          ) [AddOperationTerm]
                        ) [ExprNoTernStatement]
                      ) [ArrayElementAccessDesignator]
                    ) [NoParamsDesignator]
                  ) [NonMullOpTerm]
                ) [OneTerm]
              ) [AddOperationTerm]
            ) [ExprNoTernStatement]
          ) [NoNumConst]
        ) [PrintStmt]
      ) [NonEmptyMethodStatements]
    ) [OneMethodDeclaration]
  ) [SingleMethod]
) [Program]
INFO  18:13:10,541 - [0;36m|-------------------------------------------------------------------|[m
INFO  18:13:10,542 - [0;36m|                         SEMANTICKA OBRADA                         |[m
INFO  18:13:10,542 - [0;36m|-------------------------------------------------------------------|[m
INFO  18:13:10,544 - [0;32mMain metoda je definisana! [Line: 8][m
INFO  18:13:10,545 - Pretraga na [Line: 15] --> detektovano Variable a_array: Array of int, 0, 1 .
INFO  18:13:10,545 - [0;36m|-------------------------------------------------------------------|[m
INFO  18:13:10,545 - [0;36m|                STATISTIKA KORISCENJA PROMENLJIVIH                 |[m
INFO  18:13:10,545 - [0;36m|-------------------------------------------------------------------|[m
INFO  18:13:10,545 - 
Broj definisanih klasa: ..................................................................[35m0[0m
Broj definisanih metoda: .................................................................[35m1[0m
Broj globalnih nizova: ...................................................................[35m0[0m
Broj globalnih promenljivih: .............................................................[35m0[0m
Broj globalnih konstanti: ................................................................[35m0[0m
Broj lokalnih promenljivih u [main()]: ...................................................[35m1[0m
Broj izraza u [main()]: ..................................................................[35m10[0m
Broj poziva metoda u [main()]: ...........................................................[35m2[0m

INFO  18:13:10,546 - [0;36m============================= SADRZAJ TABELE SIMBOLA =============================[m
INFO  18:13:10,547 - [0;32mUspesno izvrsena semanticka analiza! Nastavlja se sa generisanjem koda[m
INFO  18:13:10,547 - [0;36m|-------------------------------------------------------------------|[m
INFO  18:13:10,547 - [0;36m|                          GENERISANJE KODA                         |[m
INFO  18:13:10,547 - [0;36m|-------------------------------------------------------------------|[m
INFO  18:13:10,551 - [0;32mKompajliranje uspesno izvrseno![m
INFO  18:13:10,551 - [0;36m|-------------------------------------------------------------------|[m
INFO  18:13:10,551 - [0;36m|                              KRAJ RADA                            |[m
INFO  18:13:10,552 - [0;36m|-------------------------------------------------------------------|[m
